// Jest Snapshot v1, https://goo.gl/fbAQLP

exports[`üç∞ global data can get CAKE price 1`] = `"0x0E09FaBB73Bd3Ade0a17ECC321fD13a19e81cE82"`;

exports[`üç∞ global data has supported symbol list 1`] = `
Array [
  "ETH",
  "RAMP",
  "POTS",
  "TUSD",
  "BTT",
  "TRX",
  "WIN",
  "IF",
  "PMON",
  "TITAN",
  "ADX",
  "FORM",
  "ORBS",
  "O3",
  "AMPL",
  "MX",
  "bCFX",
  "QKC",
  "MTRG",
  "WELL",
  "DERI",
  "CHR",
  "CAKE",
  "WMASS",
  "UBXT",
  "BTR",
  "ONE",
  "OIN",
  "KUN",
  "MATH",
  "xMARK",
  "BTCB",
  "DFD",
  "ALPACA",
  "HAKKA",
  "HOO",
  "TXL",
  "FOR",
  "NULS",
  "DEXE",
  "TPT",
  "IOTX",
  "LINA",
  "UST",
  "USDC",
  "DAI",
  "VAI",
  "USDT",
  "HAKKA",
  "HOO",
  "TXL",
  "FOR",
  "NULS",
  "RAMP",
  "DEXE",
  "TPT",
  "xMARK",
  "IOTX",
  "LINA",
  "UST",
  "USDC",
  "DAI",
  "VAI",
  "USDT",
  "HAKKA",
  "HOO",
  "TXL",
  "FOR",
  "NULS",
  "RAMP",
  "DEXE",
  "TPT",
  "xMARK",
  "IOTX",
  "LINA",
  "UST",
  "USDC",
  "DAI",
  "VAI",
  "USDT",
]
`;
