{
  "total": 22,
  "page": 0,
  "page_size": 500,
  "result": [
    {
      "hash": "0x5590f91d196f06f8ad23ae26ae11f918805264735550b377fb8c6078d312bc6a",
      "nonce": "19",
      "transaction_index": "494",
      "from_address": "0x8155430e4860e791aeddb43e4764d15de7e0def1",
      "to_address": "0x158da805682bdc8ee32d52833ad41e74bb951e59",
      "value": "0",
      "gas": "2200000",
      "gas_price": "5000000000",
      "input": "0xd72ef7710000000000000000000000000000000000000000000000000000000000000000000000000000000000000000e8084d7ded35e2840386f04d609cdb49c7e36d8800000000000000000000000000000000000000000000000000000000000000000000000000000000000000000000000000000000000000000000000000000000000000000000000000000000000000000000000000000000000000000000000000000000000000000000000000000000000000000000000000000000000000c000000000000000000000000000000000000000000000000000000000000000a000000000000000000000000050380ac8da73d73719785f0a4433192f4e0e6c9000000000000000000000000000000000000000000000000000000000000000400000000000000000000000000000000000000000000000000000000000000040000000000000000000000000000000000000000000000006f05b59d3b20000000000000000000000000000000000000000000000000000000000000000000000",
      "receipt_cumulative_gas_used": "73396504",
      "receipt_gas_used": "743092",
      "receipt_contract_address": null,
      "receipt_root": null,
      "receipt_status": "1",
      "block_timestamp": "2021-08-12T14:29:54.000Z",
      "block_number": "9967403",
      "block_hash": "0x9673166f4eb5e5f7a224d40ec2d3572777f51badf2e6ce7ed5bfb373b6325e06"
    },
    {
      "hash": "0x5766de278f91a5ac1b67b58d22b2b94f0f47e6b061e67e441cd73aa1df887b9a",
      "nonce": "18",
      "transaction_index": "129",
      "from_address": "0x8155430e4860e791aeddb43e4764d15de7e0def1",
      "to_address": "0x158da805682bdc8ee32d52833ad41e74bb951e59",
      "value": "0",
      "gas": "2200000",
      "gas_price": "5000000000",
      "input": "0xd72ef7710000000000000000000000000000000000000000000000000000000000000000000000000000000000000000ecb008f4741465f9f169ec11a50aa8871e423f3300000000000000000000000000000000000000000000000000000000000000000000000000000000000000000000000000000000000000000000000000000000000000000000000000000000000000000000000000000000000000000000000000000000000000000000000000000000000000000000000000000000000000c000000000000000000000000000000000000000000000000000000000000000a00000000000000000000000005f94f61095731b669b30ed1f3f4586bbb51f4001000000000000000000000000000000000000000000000000000000000000004000000000000000000000000000000000000000000000000000000000000000400000000000000000000000000000000000000000000000000de0b6b3a76400000000000000000000000000000000000000000000000000001ab46fcac70a2a66",
      "receipt_cumulative_gas_used": "19289366",
      "receipt_gas_used": "1148618",
      "receipt_contract_address": null,
      "receipt_root": null,
      "receipt_status": "1",
      "block_timestamp": "2021-08-12T07:25:55.000Z",
      "block_number": "9959119",
      "block_hash": "0xe74d81cc7a650b0cedcfe613075167d509989125caad69b909977b53229250bf"
    },
    {
      "hash": "0xc007bdeadc18d4c9effef31fad9a174e3605a849f3a6862c4c948b0802a1d12f",
      "nonce": "17",
      "transaction_index": "87",
      "from_address": "0x8155430e4860e791aeddb43e4764d15de7e0def1",
      "to_address": "0x158da805682bdc8ee32d52833ad41e74bb951e59",
      "value": "0",
      "gas": "2200000",
      "gas_price": "5000000000",
      "input": "0xd72ef7710000000000000000000000000000000000000000000000000000000000000000000000000000000000000000ecb008f4741465f9f169ec11a50aa8871e423f330000000000000000000000000000000000000000000000010e9deaaf401e00000000000000000000000000000000000000000000000000000000000000000000000000000000000000000000000000000000000000000000000000000000000000000000000000000000000000000000000000000000000000000000000000c000000000000000000000000000000000000000000000000000000000000000a00000000000000000000000005f94f61095731b669b30ed1f3f4586bbb51f4001000000000000000000000000000000000000000000000000000000000000004000000000000000000000000000000000000000000000000000000000000000400000000000000000000000000000000000000000000000000de0b6b3a764000000000000000000000000000000000000000000000000000035a9c0b69c0d67cc",
      "receipt_cumulative_gas_used": "13996466",
      "receipt_gas_used": "1142361",
      "receipt_contract_address": null,
      "receipt_root": null,
      "receipt_status": "1",
      "block_timestamp": "2021-08-12T07:24:13.000Z",
      "block_number": "9959085",
      "block_hash": "0x83325835b79c92edd86b660ae66756ae719ce30fac97295a866ad4a3a7ba4784"
    },
    {
      "hash": "0xa2b985c103ede2b351acf8daad7bb0f46b85166de582b4ba22a353ab3eadeb5c",
      "nonce": "16",
      "transaction_index": "152",
      "from_address": "0x8155430e4860e791aeddb43e4764d15de7e0def1",
      "to_address": "0x7c9e73d4c71dae564d41f78d56439bb4ba87592f",
      "value": "0",
      "gas": "2200000",
      "gas_price": "5000000000",
      "input": "0xd72ef77100000000000000000000000000000000000000000000000000000000000087cb0000000000000000000000004bfe9489937d6c0d7cd6911f1102c25c7cbc1b5a000000000000000000000000000000000000000000000000000000000000000000000000000000000000000000000000000000000000008cadbcf260ff97fab9000000000000000000000000000000000000000000000000000000000000000000000000000000000000000000000000000000000000000000000000000000c000000000000000000000000000000000000000000000000000000000000000a00000000000000000000000003fc149995021f1d7aec54d015dad3c7abc952bf000000000000000000000000000000000000000000000000000000000000000400000000000000000000000000000000000000000000000000000000000000040000000000000000000000000000000000000000000000025b07890ea0636022d000000000000000000000000000000000000000000000048e60108270851d4c0",
      "receipt_cumulative_gas_used": "22988772",
      "receipt_gas_used": "934937",
      "receipt_contract_address": null,
      "receipt_root": null,
      "receipt_status": "1",
      "block_timestamp": "2021-08-11T06:37:01.000Z",
      "block_number": "9930615",
      "block_hash": "0x9ba8b88a53355266a91ddafca12e772eeed4650bb932e73e48cecdbeb615409b"
    },
    {
      "hash": "0xd69f83277b959102681e2c10df2fefd95673018a6d96551d69b972f7518cb37b",
      "nonce": "15",
      "transaction_index": "91",
      "from_address": "0x8155430e4860e791aeddb43e4764d15de7e0def1",
      "to_address": "0x8f0528ce5ef7b51152a59745befdd91d97091d2f",
      "value": "0",
      "gas": "55177",
      "gas_price": "5000000000",
      "input": "0xa9059cbb00000000000000000000000083f4a1b5e1c662c749939575c39ca37e5b08822b00000000000000000000000000000000000000000000002086ac351052600000",
      "receipt_cumulative_gas_used": "14317551",
      "receipt_gas_used": "36785",
      "receipt_contract_address": null,
      "receipt_root": null,
      "receipt_status": "1",
      "block_timestamp": "2021-08-11T06:26:18.000Z",
      "block_number": "9930404",
      "block_hash": "0xd6f6fdd1683506480e6497d5af1e5b2e36db4dd534674d1cba219ac1c1488e73"
    },
    {
      "hash": "0xeef4a9a217d7b3eecde5e48af4346aaf2084dd55acd96d37f61ead11ab39c8ce",
      "nonce": "14",
      "transaction_index": "61",
      "from_address": "0x8155430e4860e791aeddb43e4764d15de7e0def1",
      "to_address": "0x10ed43c718714eb63d5aa57b78b54704e256024e",
      "value": "0",
      "gas": "142868",
      "gas_price": "5000000000",
      "input": "0x38ed173900000000000000000000000000000000000000000000006c8754c8f30c080000000000000000000000000000000000000000000000000045c69531e1f5d896c100000000000000000000000000000000000000000000000000000000000000a00000000000000000000000008155430e4860e791aeddb43e4764d15de7e0def100000000000000000000000000000000000000000000000000000000611371950000000000000000000000000000000000000000000000000000000000000002000000000000000000000000e9e7cea3dedca5984780bafc599bd69add087d560000000000000000000000008f0528ce5ef7b51152a59745befdd91d97091d2f",
      "receipt_cumulative_gas_used": "6476305",
      "receipt_gas_used": "120649",
      "receipt_contract_address": null,
      "receipt_root": null,
      "receipt_status": "1",
      "block_timestamp": "2021-08-11T06:23:54.000Z",
      "block_number": "9930356",
      "block_hash": "0xd856f297c5e900bc869be2d0308d6961b9a421ce8343fc4e3661375d99f88777"
    },
    {
      "hash": "0x912f6f216b18ad605f5feae3c8bfa70b583e0131683c70627007981d93aafb0b",
      "nonce": "13",
      "transaction_index": "86",
      "from_address": "0x8155430e4860e791aeddb43e4764d15de7e0def1",
      "to_address": "0xe9e7cea3dedca5984780bafc599bd69add087d56",
      "value": "0",
      "gas": "48846",
      "gas_price": "5000000000",
      "input": "0x095ea7b300000000000000000000000010ed43c718714eb63d5aa57b78b54704e256024effffffffffffffffffffffffffffffffffffffffffffffffffffffffffffffff",
      "receipt_cumulative_gas_used": "9816935",
      "receipt_gas_used": "44406",
      "receipt_contract_address": null,
      "receipt_root": null,
      "receipt_status": "1",
      "block_timestamp": "2021-08-11T06:22:06.000Z",
      "block_number": "9930320",
      "block_hash": "0xe9762c4264eeca378f269c6fd22b516c587af87db7fe6b8a705df0438e89dae4"
    },
    {
      "hash": "0xfe7f5b6e18ac0ba991b99769e2d3df7d3d69709ff6784265ab0bf39a062e4000",
      "nonce": "12",
      "transaction_index": "189",
      "from_address": "0x8155430e4860e791aeddb43e4764d15de7e0def1",
      "to_address": "0x7c9e73d4c71dae564d41f78d56439bb4ba87592f",
      "value": "0",
      "gas": "2200000",
      "gas_price": "5000000000",
      "input": "0xd72ef77100000000000000000000000000000000000000000000000000000000000000000000000000000000000000004bfe9489937d6c0d7cd6911f1102c25c7cbc1b5a00000000000000000000000000000000000000000000001b59656d5ff9b1317b000000000000000000000000000000000000000000000037e806396036ba889b000000000000000000000000000000000000000000000000000000000000000000000000000000000000000000000000000000000000000000000000000000c000000000000000000000000000000000000000000000000000000000000000a00000000000000000000000003fc149995021f1d7aec54d015dad3c7abc952bf00000000000000000000000000000000000000000000000000000000000000040000000000000000000000000000000000000000000000000000000000000004000000000000000000000000000000000000000000000001f4d2050779300e7a200000000000000000000000000000000000000000000003642a532483c973d03",
      "receipt_cumulative_gas_used": "28389692",
      "receipt_gas_used": "1498302",
      "receipt_contract_address": null,
      "receipt_root": null,
      "receipt_status": "1",
      "block_timestamp": "2021-08-07T14:45:51.000Z",
      "block_number": "9827418",
      "block_hash": "0xc67ddec5a094521b38a688c7078c0fd6e10f980c6ec75b608931d74e4de3194a"
    },
    {
      "hash": "0x0fc62a1acb6fc61b7bd997ccfc57fc863db52020eec2501facfc3ae43a4b2385",
      "nonce": "11",
      "transaction_index": "191",
      "from_address": "0x8155430e4860e791aeddb43e4764d15de7e0def1",
      "to_address": "0x8f0528ce5ef7b51152a59745befdd91d97091d2f",
      "value": "0",
      "gas": "44361",
      "gas_price": "5000000000",
      "input": "0x095ea7b30000000000000000000000007c9e73d4c71dae564d41f78d56439bb4ba87592fffffffffffffffffffffffffffffffffffffffffffffffffffffffffffffffff",
      "receipt_cumulative_gas_used": "26840047",
      "receipt_gas_used": "44361",
      "receipt_contract_address": null,
      "receipt_root": null,
      "receipt_status": "1",
      "block_timestamp": "2021-08-07T14:45:30.000Z",
      "block_number": "9827411",
      "block_hash": "0x368167dc491a428f74c46b2146350e148a7f1cd49e9dee1fc186fb67e8c55600"
    },
    {
      "hash": "0x07555bf8d7b02b747327069d04dd8aa3c6fe58cba49327f355ff9ad28d46b041",
      "nonce": "10",
      "transaction_index": "188",
      "from_address": "0x8155430e4860e791aeddb43e4764d15de7e0def1",
      "to_address": "0xe9e7cea3dedca5984780bafc599bd69add087d56",
      "value": "0",
      "gas": "44406",
      "gas_price": "5000000000",
      "input": "0x095ea7b30000000000000000000000007c9e73d4c71dae564d41f78d56439bb4ba87592fffffffffffffffffffffffffffffffffffffffffffffffffffffffffffffffff",
      "receipt_cumulative_gas_used": "24706150",
      "receipt_gas_used": "44406",
      "receipt_contract_address": null,
      "receipt_root": null,
      "receipt_status": "1",
      "block_timestamp": "2021-08-07T14:45:06.000Z",
      "block_number": "9827403",
      "block_hash": "0x16c363ad31c74b00f654143d06760659192ca259b1fb76f8e9fdaf5ea3ebea57"
    },
    {
      "hash": "0xdf8fe6da160ed4d8386ca279d31b9bc4a2293d46bfc6c85880655c02627431ef",
      "nonce": "9",
      "transaction_index": "124",
      "from_address": "0x8155430e4860e791aeddb43e4764d15de7e0def1",
      "to_address": "0x10ed43c718714eb63d5aa57b78b54704e256024e",
      "value": "0",
      "gas": "155237",
      "gas_price": "5000000000",
      "input": "0x38ed173900000000000000000000000000000000000000000000001b6e291f18dba8000000000000000000000000000000000000000000000000001b3679441a357dab6200000000000000000000000000000000000000000000000000000000000000a00000000000000000000000008155430e4860e791aeddb43e4764d15de7e0def100000000000000000000000000000000000000000000000000000000610ea035000000000000000000000000000000000000000000000000000000000000000200000000000000000000000055d398326f99059ff775485246999027b3197955000000000000000000000000e9e7cea3dedca5984780bafc599bd69add087d56",
      "receipt_cumulative_gas_used": "18021247",
      "receipt_gas_used": "122549",
      "receipt_contract_address": null,
      "receipt_root": null,
      "receipt_status": "1",
      "block_timestamp": "2021-08-07T14:41:30.000Z",
      "block_number": "9827331",
      "block_hash": "0xe1c467d0e874d0f4c9c4fd220fa72f4c2b0f751b587aa7e9798f87960db7363b"
    },
    {
      "hash": "0xee7a33d78c7cbd6f188bbbe89722588cd6b9f63c4cd3c282d68b8c5b38fd1cb1",
      "nonce": "8",
      "transaction_index": "284",
      "from_address": "0x8155430e4860e791aeddb43e4764d15de7e0def1",
      "to_address": "0x10ed43c718714eb63d5aa57b78b54704e256024e",
      "value": "0",
      "gas": "221898",
      "gas_price": "5000000000",
      "input": "0x38ed173900000000000000000000000000000000000000000000001b1ae4d6e2ef50000000000000000000000000000000000000000000000000001d7f09af6329a56a7600000000000000000000000000000000000000000000000000000000000000a00000000000000000000000008155430e4860e791aeddb43e4764d15de7e0def100000000000000000000000000000000000000000000000000000000610e9f53000000000000000000000000000000000000000000000000000000000000000300000000000000000000000055d398326f99059ff775485246999027b3197955000000000000000000000000e9e7cea3dedca5984780bafc599bd69add087d560000000000000000000000008f0528ce5ef7b51152a59745befdd91d97091d2f",
      "receipt_cumulative_gas_used": "40524523",
      "receipt_gas_used": "191325",
      "receipt_contract_address": null,
      "receipt_root": null,
      "receipt_status": "1",
      "block_timestamp": "2021-08-07T14:38:08.000Z",
      "block_number": "9827276",
      "block_hash": "0x949f9477e33fdd216911ebd33f497a98a709eb8c5fa457a18c2f27da203cf683"
    },
    {
      "hash": "0x305f36f9629bb2fddfcf3b311db4fc520611ea81ac784ecccbff7dd4b146fc75",
      "nonce": "7",
      "transaction_index": "102",
      "from_address": "0x8155430e4860e791aeddb43e4764d15de7e0def1",
      "to_address": "0x55d398326f99059ff775485246999027b3197955",
      "value": "0",
      "gas": "48846",
      "gas_price": "5000000000",
      "input": "0x095ea7b300000000000000000000000010ed43c718714eb63d5aa57b78b54704e256024effffffffffffffffffffffffffffffffffffffffffffffffffffffffffffffff",
      "receipt_cumulative_gas_used": "14682358",
      "receipt_gas_used": "44406",
      "receipt_contract_address": null,
      "receipt_root": null,
      "receipt_status": "1",
      "block_timestamp": "2021-08-07T14:24:58.000Z",
      "block_number": "9827027",
      "block_hash": "0x903202bb7f000b6be028facda153695cf11bfc4f3a6fc199994c0d0e815f090a"
    },
    {
      "hash": "0x52deda53f2898e6db539946c4a74b9684646d3862c38607ac073538774719351",
      "nonce": "6",
      "transaction_index": "245",
      "from_address": "0x8155430e4860e791aeddb43e4764d15de7e0def1",
      "to_address": "0x158da805682bdc8ee32d52833ad41e74bb951e59",
      "value": "0",
      "gas": "2200000",
      "gas_price": "5000000000",
      "input": "0xd72ef7710000000000000000000000000000000000000000000000000000000000002789000000000000000000000000ecb008f4741465f9f169ec11a50aa8871e423f3300000000000000000000000000000000000000000000000000000000000000000000000000000000000000000000000000000000000000c9e9e75a644faeb2f9000000000000000000000000000000000000000000000000000000000000000000000000000000000000000000000000000000000000000000000000000000c000000000000000000000000000000000000000000000000000000000000000a00000000000000000000000005f94f61095731b669b30ed1f3f4586bbb51f40010000000000000000000000000000000000000000000000000000000000000040000000000000000000000000000000000000000000000000000000000000004000000000000000000000000000000000000000000000000ad78ebc5ac62000000000000000000000000000000000000000000000000000292d9b4f430691c9d0",
      "receipt_cumulative_gas_used": "33077784",
      "receipt_gas_used": "1567165",
      "receipt_contract_address": null,
      "receipt_root": null,
      "receipt_status": "1",
      "block_timestamp": "2021-08-04T13:33:54.000Z",
      "block_number": "9742314",
      "block_hash": "0x7130f66f97469f63cfc60284cba6821570ff5bc8709f3956780fa5f2732b884c"
    },
    {
      "hash": "0x1899ed6edd0375002496918b939fd61ee17af77d8664c8f0a31c6cb058526a56",
      "nonce": "5",
      "transaction_index": "242",
      "from_address": "0x8155430e4860e791aeddb43e4764d15de7e0def1",
      "to_address": "0x7c9e73d4c71dae564d41f78d56439bb4ba87592f",
      "value": "0",
      "gas": "2200000",
      "gas_price": "5000000000",
      "input": "0xd72ef77100000000000000000000000000000000000000000000000000000000000063d400000000000000000000000041c1d9544ed9fa6b604ecaf7430b4cfdf883c46f00000000000000000000000000000000000000000000000000000000000000000000000000000000000000000000000000000000000000000000000000000000ffffffffffffffffffffffffffffffffffffffffffffffffffffffffffffffff00000000000000000000000000000000000000000000000000000000000000c0000000000000000000000000000000000000000000000000000000000000008000000000000000000000000094f5e884e11fc054ca0b332e3a8773750bdbe242000000000000000000000000000000000000000000000000000000000000004000000000000000000000000000000000000000000000000000000000000000200000000000000000000000000000000000000000000000070a1cf1d536dc5e79",
      "receipt_cumulative_gas_used": "37607270",
      "receipt_gas_used": "675982",
      "receipt_contract_address": null,
      "receipt_root": null,
      "receipt_status": "1",
      "block_timestamp": "2021-08-04T05:22:27.000Z",
      "block_number": "9732932",
      "block_hash": "0xfcf613fa7d1368a1927f31b8e90f5a0dc7e79d4315a0dc05dde9cdf6e7f00c26"
    },
    {
      "hash": "0x8f190f28036a704b0983d18aa5e13ecf6a978e8fdf38d2f353e0ab3ac37d630a",
      "nonce": "27",
      "transaction_index": "252",
      "from_address": "0xa306f08cb75a16763c65b264203fa7397049d64d",
      "to_address": "0x8155430e4860e791aeddb43e4764d15de7e0def1",
      "value": "95282122698952877",
      "gas": "21000",
      "gas_price": "5000000000",
      "input": "0x",
      "receipt_cumulative_gas_used": "45121962",
      "receipt_gas_used": "21000",
      "receipt_contract_address": null,
      "receipt_root": null,
      "receipt_status": "1",
      "block_timestamp": "2021-08-03T17:18:12.000Z",
      "block_number": "9718742",
      "block_hash": "0xd5a18ba6f49dc62e29e2012eb6633f1b74daca08906a6e541f44784cb25c918c"
    },
    {
      "hash": "0xd8d47b9d8735d2fe3f7dd07888470df22a951d6db4ccb4711e3317cf9a0e342f",
      "nonce": "4",
      "transaction_index": "23",
      "from_address": "0x8155430e4860e791aeddb43e4764d15de7e0def1",
      "to_address": "0x158da805682bdc8ee32d52833ad41e74bb951e59",
      "value": "0",
      "gas": "2000000",
      "gas_price": "5000000000",
      "input": "0xd72ef7710000000000000000000000000000000000000000000000000000000000000000000000000000000000000000ecb008f4741465f9f169ec11a50aa8871e423f3300000000000000000000000000000000000000000000001c30731cec0320000000000000000000000000000000000000000000000000003840dfefaef2febc77000000000000000000000000000000000000000000000000000000000000000000000000000000000000000000000000000000000000000000000000000000c000000000000000000000000000000000000000000000000000000000000000a00000000000000000000000005f94f61095731b669b30ed1f3f4586bbb51f4001000000000000000000000000000000000000000000000000000000000000004000000000000000000000000000000000000000000000000000000000000000400000000000000000000000000000000000000000000000022b1c8c1227a0000000000000000000000000000000000000000000000000000ded488ec19de0f55f",
      "receipt_cumulative_gas_used": "3513669",
      "receipt_gas_used": "1055075",
      "receipt_contract_address": null,
      "receipt_root": null,
      "receipt_status": "1",
      "block_timestamp": "2021-07-01T11:41:24.000Z",
      "block_number": "8775347",
      "block_hash": "0x71de7000e0cec35ceadbea3028f112bc874b30f7b9ca1de7d129b95be037b8a9"
    },
    {
      "hash": "0x48fda4798dd017d888247b060e64bc6ee8d1e9395348c818fb6050e5cc3e3cd8",
      "nonce": "3",
      "transaction_index": "46",
      "from_address": "0x8155430e4860e791aeddb43e4764d15de7e0def1",
      "to_address": "0x0e09fabb73bd3ade0a17ecc321fd13a19e81ce82",
      "value": "0",
      "gas": "44430",
      "gas_price": "5000000000",
      "input": "0x095ea7b3000000000000000000000000158da805682bdc8ee32d52833ad41e74bb951e59ffffffffffffffffffffffffffffffffffffffffffffffffffffffffffffffff",
      "receipt_cumulative_gas_used": "7913370",
      "receipt_gas_used": "44430",
      "receipt_contract_address": null,
      "receipt_root": null,
      "receipt_status": "1",
      "block_timestamp": "2021-07-01T11:40:54.000Z",
      "block_number": "8775337",
      "block_hash": "0xe5dab835c5c44e964695b5738b1b8984ca5b8db5b1d010f0f2aea60c45ab2a61"
    },
    {
      "hash": "0x8d6e573864ab4b54ac86c354bd70251ca255480d8cd3bb54c4269db27c44053d",
      "nonce": "2",
      "transaction_index": "44",
      "from_address": "0x8155430e4860e791aeddb43e4764d15de7e0def1",
      "to_address": "0x55d398326f99059ff775485246999027b3197955",
      "value": "0",
      "gas": "44406",
      "gas_price": "5000000000",
      "input": "0x095ea7b3000000000000000000000000158da805682bdc8ee32d52833ad41e74bb951e59ffffffffffffffffffffffffffffffffffffffffffffffffffffffffffffffff",
      "receipt_cumulative_gas_used": "10757475",
      "receipt_gas_used": "44406",
      "receipt_contract_address": null,
      "receipt_root": null,
      "receipt_status": "1",
      "block_timestamp": "2021-07-01T11:39:45.000Z",
      "block_number": "8775314",
      "block_hash": "0xbf5c8e964c0491108d9c91a3de7dca7acd7b121d4402d1d33e7c1ff3518741ee"
    },
    {
      "hash": "0x8dfa295b0f748b5d846fed5abe70d328ed0fd28629b3b5289e65b95d56ab054e",
      "nonce": "1",
      "transaction_index": "41",
      "from_address": "0x8155430e4860e791aeddb43e4764d15de7e0def1",
      "to_address": "0x7c9e73d4c71dae564d41f78d56439bb4ba87592f",
      "value": "0",
      "gas": "2000000",
      "gas_price": "5000000000",
      "input": "0xd72ef771000000000000000000000000000000000000000000000000000000000000000000000000000000000000000041c1d9544ed9fa6b604ecaf7430b4cfdf883c46f00000000000000000000000000000000000000000000000000000000000000000000000000000000000000000000000000000000000000465abac21957bbfcee000000000000000000000000000000000000000000000000000000000000000000000000000000000000000000000000000000000000000000000000000000c000000000000000000000000000000000000000000000000000000000000000a000000000000000000000000038912684b1d20fe9d725e8b39c39458fac5a4833000000000000000000000000000000000000000000000000000000000000004000000000000000000000000000000000000000000000000000000000000000400000000000000000000000000000000000000000000000056bc75e2d6310000000000000000000000000000000000000000000000000000559c57dbacf00c6bb",
      "receipt_cumulative_gas_used": "6163194",
      "receipt_gas_used": "918397",
      "receipt_contract_address": null,
      "receipt_root": null,
      "receipt_status": "1",
      "block_timestamp": "2021-06-23T04:26:14.000Z",
      "block_number": "8537475",
      "block_hash": "0x86e94583a93fba3227bacc79a7213979324965def8f1e3c0d7ff9542abbd9c5b"
    },
    {
      "hash": "0x638ff8b1f0cada442afad321557ba1605762fdf467e2af7f39c74aff64bbf1dd",
      "nonce": "0",
      "transaction_index": "88",
      "from_address": "0x8155430e4860e791aeddb43e4764d15de7e0def1",
      "to_address": "0x0e09fabb73bd3ade0a17ecc321fd13a19e81ce82",
      "value": "0",
      "gas": "44430",
      "gas_price": "5000000000",
      "input": "0x095ea7b30000000000000000000000007c9e73d4c71dae564d41f78d56439bb4ba87592fffffffffffffffffffffffffffffffffffffffffffffffffffffffffffffffff",
      "receipt_cumulative_gas_used": "11205108",
      "receipt_gas_used": "44430",
      "receipt_contract_address": null,
      "receipt_root": null,
      "receipt_status": "1",
      "block_timestamp": "2021-06-23T04:25:11.000Z",
      "block_number": "8537454",
      "block_hash": "0xea4f169d53ccb87b978a5f7c579c8304f02f2aedf6dddf9fdb2db726397c06cb"
    },
    {
      "hash": "0x1f0d53003ac05b8d5c5d8421d19e52ee09657ed094361eff14a4de2bd20fc492",
      "nonce": "18",
      "transaction_index": "23",
      "from_address": "0xa306f08cb75a16763c65b264203fa7397049d64d",
      "to_address": "0x8155430e4860e791aeddb43e4764d15de7e0def1",
      "value": "90000000000000000",
      "gas": "21000",
      "gas_price": "5000000000",
      "input": "0x",
      "receipt_cumulative_gas_used": "3301059",
      "receipt_gas_used": "21000",
      "receipt_contract_address": null,
      "receipt_root": null,
      "receipt_status": "1",
      "block_timestamp": "2021-06-23T04:19:50.000Z",
      "block_number": "8537347",
      "block_hash": "0x776cfab6a534005102415967b3069406407e253b9062e337fb4714282659fa9b"
    }
  ]
}