[
  {
    "transaction_hash": "0x09ed731658832544e14c8b0d89eb970b892dd056a6499b10f9a31e9d15ebda5d",
    "address": "0x5190b01965b6e3d786706fd4a999978626c19880",
    "block_timestamp": "2021-08-13T17:19:09.000Z",
    "block_number": "9999026",
    "block_hash": "0x2ec97eba71bccc76487749403f060093f7ef8d286fe137ef61a295ac0757406a",
    "to_address": "0x8155430e4860e791aeddb43e4764d15de7e0def1",
    "from_address": "0x5190b01965b6e3d786706fd4a999978626c19880",
    "value": "800000000000000000000000"
  },
  {
    "transaction_hash": "0x5590f91d196f06f8ad23ae26ae11f918805264735550b377fb8c6078d312bc6a",
    "address": "0x55d398326f99059ff775485246999027b3197955",
    "block_timestamp": "2021-08-12T14:29:54.000Z",
    "block_number": "9967403",
    "block_hash": "0x9673166f4eb5e5f7a224d40ec2d3572777f51badf2e6ce7ed5bfb373b6325e06",
    "to_address": "0x158da805682bdc8ee32d52833ad41e74bb951e59",
    "from_address": "0x8155430e4860e791aeddb43e4764d15de7e0def1",
    "value": "0"
  },
  {
    "transaction_hash": "0x5590f91d196f06f8ad23ae26ae11f918805264735550b377fb8c6078d312bc6a",
    "address": "0x0e09fabb73bd3ade0a17ecc321fd13a19e81ce82",
    "block_timestamp": "2021-08-12T14:29:54.000Z",
    "block_number": "9967403",
    "block_hash": "0x9673166f4eb5e5f7a224d40ec2d3572777f51badf2e6ce7ed5bfb373b6325e06",
    "to_address": "0x50380ac8da73d73719785f0a4433192f4e0e6c90",
    "from_address": "0x8155430e4860e791aeddb43e4764d15de7e0def1",
    "value": "128000000000000000000"
  },
  {
    "transaction_hash": "0x5766de278f91a5ac1b67b58d22b2b94f0f47e6b061e67e441cd73aa1df887b9a",
    "address": "0x55d398326f99059ff775485246999027b3197955",
    "block_timestamp": "2021-08-12T07:25:55.000Z",
    "block_number": "9959119",
    "block_hash": "0xe74d81cc7a650b0cedcfe613075167d509989125caad69b909977b53229250bf",
    "to_address": "0x158da805682bdc8ee32d52833ad41e74bb951e59",
    "from_address": "0x8155430e4860e791aeddb43e4764d15de7e0def1",
    "value": "0"
  },
  {
    "transaction_hash": "0x5766de278f91a5ac1b67b58d22b2b94f0f47e6b061e67e441cd73aa1df887b9a",
    "address": "0x0e09fabb73bd3ade0a17ecc321fd13a19e81ce82",
    "block_timestamp": "2021-08-12T07:25:55.000Z",
    "block_number": "9959119",
    "block_hash": "0xe74d81cc7a650b0cedcfe613075167d509989125caad69b909977b53229250bf",
    "to_address": "0x5f94f61095731b669b30ed1f3f4586bbb51f4001",
    "from_address": "0x8155430e4860e791aeddb43e4764d15de7e0def1",
    "value": "1000000000000000000"
  },
  {
    "transaction_hash": "0xc007bdeadc18d4c9effef31fad9a174e3605a849f3a6862c4c948b0802a1d12f",
    "address": "0x55d398326f99059ff775485246999027b3197955",
    "block_timestamp": "2021-08-12T07:24:13.000Z",
    "block_number": "9959085",
    "block_hash": "0x83325835b79c92edd86b660ae66756ae719ce30fac97295a866ad4a3a7ba4784",
    "to_address": "0x158da805682bdc8ee32d52833ad41e74bb951e59",
    "from_address": "0x8155430e4860e791aeddb43e4764d15de7e0def1",
    "value": "19500000000000000000"
  },
  {
    "transaction_hash": "0xc007bdeadc18d4c9effef31fad9a174e3605a849f3a6862c4c948b0802a1d12f",
    "address": "0x0e09fabb73bd3ade0a17ecc321fd13a19e81ce82",
    "block_timestamp": "2021-08-12T07:24:13.000Z",
    "block_number": "9959085",
    "block_hash": "0x83325835b79c92edd86b660ae66756ae719ce30fac97295a866ad4a3a7ba4784",
    "to_address": "0x5f94f61095731b669b30ed1f3f4586bbb51f4001",
    "from_address": "0x8155430e4860e791aeddb43e4764d15de7e0def1",
    "value": "1000000000000000000"
  },
  {
    "transaction_hash": "0x55b73226d21dd0801adb432ab1682099a2f662b6cba4037dc6ceadaa50391a6e",
    "address": "0x0e09fabb73bd3ade0a17ecc321fd13a19e81ce82",
    "block_timestamp": "2021-08-12T07:07:26.000Z",
    "block_number": "9958751",
    "block_hash": "0x73c40d7b076a2c0bc503ddf415f68d1be5331e21fb188e4ea9fac3d13ba75afb",
    "to_address": "0x8155430e4860e791aeddb43e4764d15de7e0def1",
    "from_address": "0x8894e0a0c962cb723c1976a4421c95949be2d4e3",
    "value": "97356488990000000000"
  },
  {
    "transaction_hash": "0xa2b985c103ede2b351acf8daad7bb0f46b85166de582b4ba22a353ab3eadeb5c",
    "address": "0xe9e7cea3dedca5984780bafc599bd69add087d56",
    "block_timestamp": "2021-08-11T06:37:01.000Z",
    "block_number": "9930615",
    "block_hash": "0x9ba8b88a53355266a91ddafca12e772eeed4650bb932e73e48cecdbeb615409b",
    "to_address": "0x7c9e73d4c71dae564d41f78d56439bb4ba87592f",
    "from_address": "0x8155430e4860e791aeddb43e4764d15de7e0def1",
    "value": "0"
  },
  {
    "transaction_hash": "0xa2b985c103ede2b351acf8daad7bb0f46b85166de582b4ba22a353ab3eadeb5c",
    "address": "0x8f0528ce5ef7b51152a59745befdd91d97091d2f",
    "block_timestamp": "2021-08-11T06:37:01.000Z",
    "block_number": "9930615",
    "block_hash": "0x9ba8b88a53355266a91ddafca12e772eeed4650bb932e73e48cecdbeb615409b",
    "to_address": "0x8155430e4860e791aeddb43e4764d15de7e0def1",
    "from_address": "0xa625ab01b08ce023b2a342dbb12a16f2c8489a8f",
    "value": "870234169595976070"
  },
  {
    "transaction_hash": "0xa2b985c103ede2b351acf8daad7bb0f46b85166de582b4ba22a353ab3eadeb5c",
    "address": "0x8f0528ce5ef7b51152a59745befdd91d97091d2f",
    "block_timestamp": "2021-08-11T06:37:01.000Z",
    "block_number": "9930615",
    "block_hash": "0x9ba8b88a53355266a91ddafca12e772eeed4650bb932e73e48cecdbeb615409b",
    "to_address": "0x8f0528ce5ef7b51152a59745befdd91d97091d2f",
    "from_address": "0x8155430e4860e791aeddb43e4764d15de7e0def1",
    "value": "0"
  },
  {
    "transaction_hash": "0xa2b985c103ede2b351acf8daad7bb0f46b85166de582b4ba22a353ab3eadeb5c",
    "address": "0x8f0528ce5ef7b51152a59745befdd91d97091d2f",
    "block_timestamp": "2021-08-11T06:37:01.000Z",
    "block_number": "9930615",
    "block_hash": "0x9ba8b88a53355266a91ddafca12e772eeed4650bb932e73e48cecdbeb615409b",
    "to_address": "0x3fc149995021f1d7aec54d015dad3c7abc952bf0",
    "from_address": "0x8155430e4860e791aeddb43e4764d15de7e0def1",
    "value": "695245603609934955053"
  },
  {
    "transaction_hash": "0xe756faed229378608d9437248b10fb584590b871e488f51dc222b2f911db20c4",
    "address": "0x5190b01965b6e3d786706fd4a999978626c19880",
    "block_timestamp": "2021-08-11T06:28:51.000Z",
    "block_number": "9930455",
    "block_hash": "0x9c6ecd0ec9c457fc24625d94f519299b1cb474333887cd66822a6d20f5d78142",
    "to_address": "0x8155430e4860e791aeddb43e4764d15de7e0def1",
    "from_address": "0x5190b01965b6e3d786706fd4a999978626c19880",
    "value": "800000000000000000000000"
  },
  {
    "transaction_hash": "0xd69f83277b959102681e2c10df2fefd95673018a6d96551d69b972f7518cb37b",
    "address": "0x8f0528ce5ef7b51152a59745befdd91d97091d2f",
    "block_timestamp": "2021-08-11T06:26:18.000Z",
    "block_number": "9930404",
    "block_hash": "0xd6f6fdd1683506480e6497d5af1e5b2e36db4dd534674d1cba219ac1c1488e73",
    "to_address": "0x83f4a1b5e1c662c749939575c39ca37e5b08822b",
    "from_address": "0x8155430e4860e791aeddb43e4764d15de7e0def1",
    "value": "600000000000000000000"
  },
  {
    "transaction_hash": "0xeef4a9a217d7b3eecde5e48af4346aaf2084dd55acd96d37f61ead11ab39c8ce",
    "address": "0xe9e7cea3dedca5984780bafc599bd69add087d56",
    "block_timestamp": "2021-08-11T06:23:54.000Z",
    "block_number": "9930356",
    "block_hash": "0xd856f297c5e900bc869be2d0308d6961b9a421ce8343fc4e3661375d99f88777",
    "to_address": "0x7752e1fa9f3a2e860856458517008558deb989e3",
    "from_address": "0x8155430e4860e791aeddb43e4764d15de7e0def1",
    "value": "2002000000000000000000"
  },
  {
    "transaction_hash": "0xeef4a9a217d7b3eecde5e48af4346aaf2084dd55acd96d37f61ead11ab39c8ce",
    "address": "0x8f0528ce5ef7b51152a59745befdd91d97091d2f",
    "block_timestamp": "2021-08-11T06:23:54.000Z",
    "block_number": "9930356",
    "block_hash": "0xd856f297c5e900bc869be2d0308d6961b9a421ce8343fc4e3661375d99f88777",
    "to_address": "0x8155430e4860e791aeddb43e4764d15de7e0def1",
    "from_address": "0x7752e1fa9f3a2e860856458517008558deb989e3",
    "value": "1295245603609934955053"
  },
  {
    "transaction_hash": "0xaa0d72a945d2c3ad2fe90141a8416f06b5055c35a44fb8d008eeb7e68ed208ec",
    "address": "0xe9e7cea3dedca5984780bafc599bd69add087d56",
    "block_timestamp": "2021-08-11T06:20:27.000Z",
    "block_number": "9930287",
    "block_hash": "0x9a0b68cacbf476ca3d29e6a542da1cc384444cf2cd09f49be2743c2198670849",
    "to_address": "0x8155430e4860e791aeddb43e4764d15de7e0def1",
    "from_address": "0xe2fc31f816a9b94326492132018c3aecc4a93ae1",
    "value": "2002000000000000000000"
  },
  {
    "transaction_hash": "0xfe7f5b6e18ac0ba991b99769e2d3df7d3d69709ff6784265ab0bf39a062e4000",
    "address": "0xe9e7cea3dedca5984780bafc599bd69add087d56",
    "block_timestamp": "2021-08-07T14:45:51.000Z",
    "block_number": "9827418",
    "block_hash": "0xc67ddec5a094521b38a688c7078c0fd6e10f980c6ec75b608931d74e4de3194a",
    "to_address": "0x7c9e73d4c71dae564d41f78d56439bb4ba87592f",
    "from_address": "0x8155430e4860e791aeddb43e4764d15de7e0def1",
    "value": "504503765091159716219"
  },
  {
    "transaction_hash": "0xfe7f5b6e18ac0ba991b99769e2d3df7d3d69709ff6784265ab0bf39a062e4000",
    "address": "0x8f0528ce5ef7b51152a59745befdd91d97091d2f",
    "block_timestamp": "2021-08-07T14:45:51.000Z",
    "block_number": "9827418",
    "block_hash": "0xc67ddec5a094521b38a688c7078c0fd6e10f980c6ec75b608931d74e4de3194a",
    "to_address": "0x3fc149995021f1d7aec54d015dad3c7abc952bf0",
    "from_address": "0x8155430e4860e791aeddb43e4764d15de7e0def1",
    "value": "577406596699668932514"
  },
  {
    "transaction_hash": "0xdf8fe6da160ed4d8386ca279d31b9bc4a2293d46bfc6c85880655c02627431ef",
    "address": "0x55d398326f99059ff775485246999027b3197955",
    "block_timestamp": "2021-08-07T14:41:30.000Z",
    "block_number": "9827331",
    "block_hash": "0xe1c467d0e874d0f4c9c4fd220fa72f4c2b0f751b587aa7e9798f87960db7363b",
    "to_address": "0x7efaef62fddcca950418312c6c91aef321375a00",
    "from_address": "0x8155430e4860e791aeddb43e4764d15de7e0def1",
    "value": "506000000000000000000"
  },
  {
    "transaction_hash": "0xdf8fe6da160ed4d8386ca279d31b9bc4a2293d46bfc6c85880655c02627431ef",
    "address": "0xe9e7cea3dedca5984780bafc599bd69add087d56",
    "block_timestamp": "2021-08-07T14:41:30.000Z",
    "block_number": "9827331",
    "block_hash": "0xe1c467d0e874d0f4c9c4fd220fa72f4c2b0f751b587aa7e9798f87960db7363b",
    "to_address": "0x8155430e4860e791aeddb43e4764d15de7e0def1",
    "from_address": "0x7efaef62fddcca950418312c6c91aef321375a00",
    "value": "504503765091159716219"
  },
  {
    "transaction_hash": "0xee7a33d78c7cbd6f188bbbe89722588cd6b9f63c4cd3c282d68b8c5b38fd1cb1",
    "address": "0x55d398326f99059ff775485246999027b3197955",
    "block_timestamp": "2021-08-07T14:38:08.000Z",
    "block_number": "9827276",
    "block_hash": "0x949f9477e33fdd216911ebd33f497a98a709eb8c5fa457a18c2f27da203cf683",
    "to_address": "0x7efaef62fddcca950418312c6c91aef321375a00",
    "from_address": "0x8155430e4860e791aeddb43e4764d15de7e0def1",
    "value": "500000000000000000000"
  },
  {
    "transaction_hash": "0xee7a33d78c7cbd6f188bbbe89722588cd6b9f63c4cd3c282d68b8c5b38fd1cb1",
    "address": "0x8f0528ce5ef7b51152a59745befdd91d97091d2f",
    "block_timestamp": "2021-08-07T14:38:08.000Z",
    "block_number": "9827276",
    "block_hash": "0x949f9477e33fdd216911ebd33f497a98a709eb8c5fa457a18c2f27da203cf683",
    "to_address": "0x8155430e4860e791aeddb43e4764d15de7e0def1",
    "from_address": "0x7752e1fa9f3a2e860856458517008558deb989e3",
    "value": "544986912762627316235"
  },
  {
    "transaction_hash": "0x0f412d534c25bc0a888ac872b95bbce15a06bb706f5efdf096f83b04dc08282f",
    "address": "0x55d398326f99059ff775485246999027b3197955",
    "block_timestamp": "2021-08-07T14:23:55.000Z",
    "block_number": "9827006",
    "block_hash": "0xa274c5553062f2873666b0eb53eddf9b936b80527d75748b86f5676a861d051d",
    "to_address": "0x8155430e4860e791aeddb43e4764d15de7e0def1",
    "from_address": "0xe2fc31f816a9b94326492132018c3aecc4a93ae1",
    "value": "996200000000000000000"
  },
  {
    "transaction_hash": "0x52deda53f2898e6db539946c4a74b9684646d3862c38607ac073538774719351",
    "address": "0x55d398326f99059ff775485246999027b3197955",
    "block_timestamp": "2021-08-04T13:33:54.000Z",
    "block_number": "9742314",
    "block_hash": "0x7130f66f97469f63cfc60284cba6821570ff5bc8709f3956780fa5f2732b884c",
    "to_address": "0x158da805682bdc8ee32d52833ad41e74bb951e59",
    "from_address": "0x8155430e4860e791aeddb43e4764d15de7e0def1",
    "value": "0"
  },
  {
    "transaction_hash": "0x52deda53f2898e6db539946c4a74b9684646d3862c38607ac073538774719351",
    "address": "0x8f0528ce5ef7b51152a59745befdd91d97091d2f",
    "block_timestamp": "2021-08-04T13:33:54.000Z",
    "block_number": "9742314",
    "block_hash": "0x7130f66f97469f63cfc60284cba6821570ff5bc8709f3956780fa5f2732b884c",
    "to_address": "0x8155430e4860e791aeddb43e4764d15de7e0def1",
    "from_address": "0xa625ab01b08ce023b2a342dbb12a16f2c8489a8f",
    "value": "10696661719701516083"
  },
  {
    "transaction_hash": "0x52deda53f2898e6db539946c4a74b9684646d3862c38607ac073538774719351",
    "address": "0x8f0528ce5ef7b51152a59745befdd91d97091d2f",
    "block_timestamp": "2021-08-04T13:33:54.000Z",
    "block_number": "9742314",
    "block_hash": "0x7130f66f97469f63cfc60284cba6821570ff5bc8709f3956780fa5f2732b884c",
    "to_address": "0x8f0528ce5ef7b51152a59745befdd91d97091d2f",
    "from_address": "0x8155430e4860e791aeddb43e4764d15de7e0def1",
    "value": "0"
  },
  {
    "transaction_hash": "0x52deda53f2898e6db539946c4a74b9684646d3862c38607ac073538774719351",
    "address": "0x0e09fabb73bd3ade0a17ecc321fd13a19e81ce82",
    "block_timestamp": "2021-08-04T13:33:54.000Z",
    "block_number": "9742314",
    "block_hash": "0x7130f66f97469f63cfc60284cba6821570ff5bc8709f3956780fa5f2732b884c",
    "to_address": "0x5f94f61095731b669b30ed1f3f4586bbb51f4001",
    "from_address": "0x8155430e4860e791aeddb43e4764d15de7e0def1",
    "value": "200000000000000000000"
  },
  {
    "transaction_hash": "0x567020aa57063af3e4a22f122707e96743bf45ec88a99393848856f7d10df917",
    "address": "0x0df62d2cd80591798721ddc93001afe868c367ff",
    "block_timestamp": "2021-08-04T08:34:41.000Z",
    "block_number": "9736487",
    "block_hash": "0xafdfec330ab0df8f1d213b313b3df44a9e3567995821197fe77a4a498607c011",
    "to_address": "0x8155430e4860e791aeddb43e4764d15de7e0def1",
    "from_address": "0x0df62d2cd80591798721ddc93001afe868c367ff",
    "value": "800000000000000000000000"
  },
  {
    "transaction_hash": "0x1899ed6edd0375002496918b939fd61ee17af77d8664c8f0a31c6cb058526a56",
    "address": "0xe9e7cea3dedca5984780bafc599bd69add087d56",
    "block_timestamp": "2021-08-04T05:22:27.000Z",
    "block_number": "9732932",
    "block_hash": "0xfcf613fa7d1368a1927f31b8e90f5a0dc7e79d4315a0dc05dde9cdf6e7f00c26",
    "to_address": "0x7c9e73d4c71dae564d41f78d56439bb4ba87592f",
    "from_address": "0x8155430e4860e791aeddb43e4764d15de7e0def1",
    "value": "0"
  },
  {
    "transaction_hash": "0x1899ed6edd0375002496918b939fd61ee17af77d8664c8f0a31c6cb058526a56",
    "address": "0x8f0528ce5ef7b51152a59745befdd91d97091d2f",
    "block_timestamp": "2021-08-04T05:22:27.000Z",
    "block_number": "9732932",
    "block_hash": "0xfcf613fa7d1368a1927f31b8e90f5a0dc7e79d4315a0dc05dde9cdf6e7f00c26",
    "to_address": "0x8155430e4860e791aeddb43e4764d15de7e0def1",
    "from_address": "0xa625ab01b08ce023b2a342dbb12a16f2c8489a8f",
    "value": "21723022217340100196"
  },
  {
    "transaction_hash": "0x1899ed6edd0375002496918b939fd61ee17af77d8664c8f0a31c6cb058526a56",
    "address": "0x8f0528ce5ef7b51152a59745befdd91d97091d2f",
    "block_timestamp": "2021-08-04T05:22:27.000Z",
    "block_number": "9732932",
    "block_hash": "0xfcf613fa7d1368a1927f31b8e90f5a0dc7e79d4315a0dc05dde9cdf6e7f00c26",
    "to_address": "0x8f0528ce5ef7b51152a59745befdd91d97091d2f",
    "from_address": "0x8155430e4860e791aeddb43e4764d15de7e0def1",
    "value": "0"
  },
  {
    "transaction_hash": "0x1899ed6edd0375002496918b939fd61ee17af77d8664c8f0a31c6cb058526a56",
    "address": "0x0e09fabb73bd3ade0a17ecc321fd13a19e81ce82",
    "block_timestamp": "2021-08-04T05:22:27.000Z",
    "block_number": "9732932",
    "block_hash": "0xfcf613fa7d1368a1927f31b8e90f5a0dc7e79d4315a0dc05dde9cdf6e7f00c26",
    "to_address": "0x8155430e4860e791aeddb43e4764d15de7e0def1",
    "from_address": "0x94f5e884e11fc054ca0b332e3a8773750bdbe242",
    "value": "130986413247880040930"
  },
  {
    "transaction_hash": "0xcd9d879b893ed44a5dca251d25662c64007f9d2f4bba0cfb78dd76310593973c",
    "address": "0x0e09fabb73bd3ade0a17ecc321fd13a19e81ce82",
    "block_timestamp": "2021-08-03T17:16:11.000Z",
    "block_number": "9718703",
    "block_hash": "0x5263d517ea828a017a18a1c1551768d55f07f44a6ec81890da4f73a99c82eb63",
    "to_address": "0x8155430e4860e791aeddb43e4764d15de7e0def1",
    "from_address": "0xa306f08cb75a16763c65b264203fa7397049d64d",
    "value": "101059253259522440475"
  },
  {
    "transaction_hash": "0xe3e043796ca151bc1524fef5dd379bd4e32c2a58d8285ce51e2aa6408f4bf306",
    "address": "0xb16600c510b0f323dee2cb212924d90e58864421",
    "block_timestamp": "2021-08-02T19:34:05.000Z",
    "block_number": "9694272",
    "block_hash": "0xff4c4cbd9b4771580772b410c9eabbddc5b43fd1ad097d785dea84c03a83cfe8",
    "to_address": "0x8155430e4860e791aeddb43e4764d15de7e0def1",
    "from_address": "0xb16600c510b0f323dee2cb212924d90e58864421",
    "value": "950000000000000000000000"
  },
  {
    "transaction_hash": "0x40c1db2c48ec18287cebc6ac66ed74074b8dee7dd378d46479347efa5252effa",
    "address": "0xd22202d23fe7de9e3dbe11a2a88f42f4cb9507cf",
    "block_timestamp": "2021-07-09T00:08:18.000Z",
    "block_number": "8990499",
    "block_hash": "0xb041f36e475aa790fa08115909145e293e48763d2c233d51a7866b66b3f03e6c",
    "to_address": "0x8155430e4860e791aeddb43e4764d15de7e0def1",
    "from_address": "0xd22202d23fe7de9e3dbe11a2a88f42f4cb9507cf",
    "value": "15000000000000"
  },
  {
    "transaction_hash": "0xd8d47b9d8735d2fe3f7dd07888470df22a951d6db4ccb4711e3317cf9a0e342f",
    "address": "0x55d398326f99059ff775485246999027b3197955",
    "block_timestamp": "2021-07-01T11:41:24.000Z",
    "block_number": "8775347",
    "block_hash": "0x71de7000e0cec35ceadbea3028f112bc874b30f7b9ca1de7d129b95be037b8a9",
    "to_address": "0x158da805682bdc8ee32d52833ad41e74bb951e59",
    "from_address": "0x8155430e4860e791aeddb43e4764d15de7e0def1",
    "value": "520000000000000000000"
  },
  {
    "transaction_hash": "0xd8d47b9d8735d2fe3f7dd07888470df22a951d6db4ccb4711e3317cf9a0e342f",
    "address": "0x0e09fabb73bd3ade0a17ecc321fd13a19e81ce82",
    "block_timestamp": "2021-07-01T11:41:24.000Z",
    "block_number": "8775347",
    "block_hash": "0x71de7000e0cec35ceadbea3028f112bc874b30f7b9ca1de7d129b95be037b8a9",
    "to_address": "0x5f94f61095731b669b30ed1f3f4586bbb51f4001",
    "from_address": "0x8155430e4860e791aeddb43e4764d15de7e0def1",
    "value": "40000000000000000000"
  },
  {
    "transaction_hash": "0xe37f0ee824732620818765162be1fd3e981bb52096145e8147601078bc118629",
    "address": "0x55d398326f99059ff775485246999027b3197955",
    "block_timestamp": "2021-07-01T11:35:17.000Z",
    "block_number": "8775225",
    "block_hash": "0x42430a7ad1dbbf22a0f04a6367562f802f5879b2daf337b236f164fce54d7e1a",
    "to_address": "0x8155430e4860e791aeddb43e4764d15de7e0def1",
    "from_address": "0xe2fc31f816a9b94326492132018c3aecc4a93ae1",
    "value": "550000000000000000000"
  },
  {
    "transaction_hash": "0x458aff120fae5d016d471639111dd648f2666ace288051003230629c97667c77",
    "address": "0x0e09fabb73bd3ade0a17ecc321fd13a19e81ce82",
    "block_timestamp": "2021-07-01T11:24:20.000Z",
    "block_number": "8775006",
    "block_hash": "0x823593c264eac0b75405633b102ba91ec24a946a646993154c9e0b5db07632dd",
    "to_address": "0x8155430e4860e791aeddb43e4764d15de7e0def1",
    "from_address": "0x8894e0a0c962cb723c1976a4421c95949be2d4e3",
    "value": "40089000000000000000"
  },
  {
    "transaction_hash": "0x8dfa295b0f748b5d846fed5abe70d328ed0fd28629b3b5289e65b95d56ab054e",
    "address": "0xe9e7cea3dedca5984780bafc599bd69add087d56",
    "block_timestamp": "2021-06-23T04:26:14.000Z",
    "block_number": "8537475",
    "block_hash": "0x86e94583a93fba3227bacc79a7213979324965def8f1e3c0d7ff9542abbd9c5b",
    "to_address": "0x7c9e73d4c71dae564d41f78d56439bb4ba87592f",
    "from_address": "0x8155430e4860e791aeddb43e4764d15de7e0def1",
    "value": "0"
  },
  {
    "transaction_hash": "0x8dfa295b0f748b5d846fed5abe70d328ed0fd28629b3b5289e65b95d56ab054e",
    "address": "0x0e09fabb73bd3ade0a17ecc321fd13a19e81ce82",
    "block_timestamp": "2021-06-23T04:26:14.000Z",
    "block_number": "8537475",
    "block_hash": "0x86e94583a93fba3227bacc79a7213979324965def8f1e3c0d7ff9542abbd9c5b",
    "to_address": "0x38912684b1d20fe9d725e8b39c39458fac5a4833",
    "from_address": "0x8155430e4860e791aeddb43e4764d15de7e0def1",
    "value": "100000000000000000000"
  },
  {
    "transaction_hash": "0x4921ce9f03945dd5b319775a5a2aeed95cbc48f73b82fd83e9552ed70bc47d81",
    "address": "0x0e09fabb73bd3ade0a17ecc321fd13a19e81ce82",
    "block_timestamp": "2021-06-23T04:20:38.000Z",
    "block_number": "8537363",
    "block_hash": "0xe3fbb98e5aeadc62fa41c9e2b97da092dbc1d9340537437975f8fd9b06c4a782",
    "to_address": "0x8155430e4860e791aeddb43e4764d15de7e0def1",
    "from_address": "0xa306f08cb75a16763c65b264203fa7397049d64d",
    "value": "101000000000000000000"
  }
]