// Jest Snapshot v1, https://goo.gl/fbAQLP

exports[`ðŸ¦™ has supported symbol list 1`] = `
Array [
  "ibWBNB",
  "ibBUSD",
  "ibETH",
  "ibALPACA",
  "ibUSDT",
  "ibBTCB",
  "ibTUSD",
]
`;
